stm32f4xx_hal_sai.c:2112:13:SAI_FillFifo	8	static
stm32f4xx_hal_sai.c:2142:17:SAI_InterruptFlag	0	static
stm32f4xx_hal_sai.c:2175:26:SAI_Disable	0	static
stm32f4xx_hal_sai.c:619:13:HAL_SAI_MspInit	0	static
stm32f4xx_hal_sai.c:373:19:HAL_SAI_Init	16	static
stm32f4xx_hal_sai.c:334:19:HAL_SAI_InitProtocol	8	static
stm32f4xx_hal_sai.c:635:13:HAL_SAI_MspDeInit	0	static
stm32f4xx_hal_sai.c:570:19:HAL_SAI_DeInit	16	static
stm32f4xx_hal_sai.c:876:19:HAL_SAI_Transmit	32	static
stm32f4xx_hal_sai.c:976:19:HAL_SAI_Receive	32	static
stm32f4xx_hal_sai.c:1073:19:HAL_SAI_Transmit_IT	8	static
stm32f4xx_hal_sai.c:1135:19:HAL_SAI_Receive_IT	8	static
stm32f4xx_hal_sai.c:1193:19:HAL_SAI_DMAPause	0	static
stm32f4xx_hal_sai.c:1213:19:HAL_SAI_DMAResume	0	static
stm32f4xx_hal_sai.c:1240:19:HAL_SAI_DMAStop	16	static
stm32f4xx_hal_sai.c:1299:19:HAL_SAI_Abort	16	static
stm32f4xx_hal_sai.c:1368:19:HAL_SAI_Transmit_DMA	32	static
stm32f4xx_hal_sai.c:1455:19:HAL_SAI_Receive_DMA	16	static
stm32f4xx_hal_sai.c:1523:19:HAL_SAI_EnableTxMuteMode	0	static
stm32f4xx_hal_sai.c:1542:19:HAL_SAI_DisableTxMuteMode	0	static
stm32f4xx_hal_sai.c:1560:19:HAL_SAI_EnableRxMuteMode	8	static
stm32f4xx_hal_sai.c:1583:19:HAL_SAI_DisableRxMuteMode	0	static
stm32f4xx_hal_sai.c:1814:13:HAL_SAI_TxCpltCallback	0	static
stm32f4xx_hal_sai.c:2262:13:SAI_Transmit_IT32Bit.part.0	8	static
stm32f4xx_hal_sai.c:2233:13:SAI_Transmit_IT16Bit	4	static
stm32f4xx_hal_sai.c:2205:13:SAI_Transmit_IT8Bit	0	static
stm32f4xx_hal_sai.c:2262:13:SAI_Transmit_IT32Bit	4	static
stm32f4xx_hal_sai.c:2383:13:SAI_DMATxCplt	16	static
stm32f4xx_hal_sai.c:1830:13:HAL_SAI_TxHalfCpltCallback	0	static
stm32f4xx_hal_sai.c:2412:13:SAI_DMATxHalfCplt	8	static
stm32f4xx_hal_sai.c:1846:13:HAL_SAI_RxCpltCallback	0	static
stm32f4xx_hal_sai.c:2352:13:SAI_Receive_IT32Bit	16	static
stm32f4xx_hal_sai.c:2321:13:SAI_Receive_IT16Bit	16	static
stm32f4xx_hal_sai.c:2291:13:SAI_Receive_IT8Bit	8	static
stm32f4xx_hal_sai.c:2429:13:SAI_DMARxCplt	16	static
stm32f4xx_hal_sai.c:1862:13:HAL_SAI_RxHalfCpltCallback	0	static
stm32f4xx_hal_sai.c:2457:13:SAI_DMARxHalfCplt	8	static
stm32f4xx_hal_sai.c:1878:13:HAL_SAI_ErrorCallback	0	static
stm32f4xx_hal_sai.c:2474:13:SAI_DMAError	8	static
stm32f4xx_hal_sai.c:1602:6:HAL_SAI_IRQHandler	16	static
stm32f4xx_hal_sai.c:2509:13:SAI_DMAAbort	8	static
stm32f4xx_hal_sai.c:1913:22:HAL_SAI_GetState	0	static
stm32f4xx_hal_sai.c:1924:10:HAL_SAI_GetError	0	static
