trained_model_compiled.cpp:328:14:void* {anonymous}::GetScratchBuffer(TfLiteContext*, int)	0	static
trained_model_compiled.cpp:336:16:TfLiteStatus trained_model_init(void* (*)(size_t, size_t))	40	static
trained_model_compiled.cpp:422:15:TfLiteTensor* trained_model_input(int)	0	static
trained_model_compiled.cpp:429:15:TfLiteTensor* trained_model_output(int)	0	static
trained_model_compiled.cpp:433:14:TfLiteStatus trained_model_invoke()	24	static
trained_model_compiled.cpp:503:14:TfLiteStatus trained_model_reset(void (*)(void*))	16	static
vector.tcc:426:7:) [with _Args = {void* const&}; _Tp = void*; _Alloc = std::allocator<void*>]	40	static
trained_model_compiled.cpp:286:21:TfLiteStatus {anonymous}::AllocatePersistentBuffer(TfLiteContext*, size_t, void**)	16	static
trained_model_compiled.cpp:311:21:TfLiteStatus {anonymous}::RequestScratchBufferInArena(TfLiteContext*, size_t, int*)	48	static
trained_model_compiled.cpp:513:1:cpp)	0	static
trained_model_compiled.cpp:513:1:cpp)	8	static
